[2025-01-26 11:17:28] local.ERROR: could not find driver (Connection: sqlite, SQL: select exists (select 1 from sqlite_master where name = 'migrations' and type = 'table') as "exists") {"exception":"[object] (Illuminate\\Database\\QueryException(code: 0): could not find driver (Connection: sqlite, SQL: select exists (select 1 from sqlite_master where name = 'migrations' and type = 'table') as \"exists\") at D:\\moon\\uchilishte\\softuerno injenerstvo\\test2101\\vendor\\laravel\\framework\\src\\Illuminate\\Database\\Connection.php:825)
[stacktrace]
#0 D:\\moon\\uchilishte\\softuerno injenerstvo\\test2101\\vendor\\laravel\\framework\\src\\Illuminate\\Database\\Connection.php(779): Illuminate\\Database\\Connection->runQueryCallback()
#1 D:\\moon\\uchilishte\\softuerno injenerstvo\\test2101\\vendor\\laravel\\framework\\src\\Illuminate\\Database\\Connection.php(398): Illuminate\\Database\\Connection->run()
#2 D:\\moon\\uchilishte\\softuerno injenerstvo\\test2101\\vendor\\laravel\\framework\\src\\Illuminate\\Database\\Connection.php(344): Illuminate\\Database\\Connection->select()
#3 D:\\moon\\uchilishte\\softuerno injenerstvo\\test2101\\vendor\\laravel\\framework\\src\\Illuminate\\Database\\Connection.php(361): Illuminate\\Database\\Connection->selectOne()
#4 D:\\moon\\uchilishte\\softuerno injenerstvo\\test2101\\vendor\\laravel\\framework\\src\\Illuminate\\Database\\Schema\\SQLiteBuilder.php(44): Illuminate\\Database\\Connection->scalar()
#5 D:\\moon\\uchilishte\\softuerno injenerstvo\\test2101\\vendor\\laravel\\framework\\src\\Illuminate\\Database\\Migrations\\DatabaseMigrationRepository.php(184): Illuminate\\Database\\Schema\\SQLiteBuilder->hasTable()
#6 D:\\moon\\uchilishte\\softuerno injenerstvo\\test2101\\vendor\\laravel\\framework\\src\\Illuminate\\Database\\Migrations\\Migrator.php(681): Illuminate\\Database\\Migrations\\DatabaseMigrationRepository->repositoryExists()
#7 D:\\moon\\uchilishte\\softuerno injenerstvo\\test2101\\vendor\\laravel\\framework\\src\\Illuminate\\Database\\Console\\Migrations\\MigrateCommand.php(164): Illuminate\\Database\\Migrations\\Migrator->repositoryExists()
#8 D:\\moon\\uchilishte\\softuerno injenerstvo\\test2101\\vendor\\laravel\\framework\\src\\Illuminate\\Support\\helpers.php(338): Illuminate\\Database\\Console\\Migrations\\MigrateCommand->{closure:Illuminate\\Database\\Console\\Migrations\\MigrateCommand::repositoryExists():164}()
#9 D:\\moon\\uchilishte\\softuerno injenerstvo\\test2101\\vendor\\laravel\\framework\\src\\Illuminate\\Database\\Console\\Migrations\\MigrateCommand.php(164): retry()
#10 D:\\moon\\uchilishte\\softuerno injenerstvo\\test2101\\vendor\\laravel\\framework\\src\\Illuminate\\Database\\Console\\Migrations\\MigrateCommand.php(140): Illuminate\\Database\\Console\\Migrations\\MigrateCommand->repositoryExists()
#11 D:\\moon\\uchilishte\\softuerno injenerstvo\\test2101\\vendor\\laravel\\framework\\src\\Illuminate\\Database\\Console\\Migrations\\MigrateCommand.php(110): Illuminate\\Database\\Console\\Migrations\\MigrateCommand->prepareDatabase()
#12 D:\\moon\\uchilishte\\softuerno injenerstvo\\test2101\\vendor\\laravel\\framework\\src\\Illuminate\\Database\\Migrations\\Migrator.php(616): Illuminate\\Database\\Console\\Migrations\\MigrateCommand->{closure:Illuminate\\Database\\Console\\Migrations\\MigrateCommand::runMigrations():109}()
#13 D:\\moon\\uchilishte\\softuerno injenerstvo\\test2101\\vendor\\laravel\\framework\\src\\Illuminate\\Database\\Console\\Migrations\\MigrateCommand.php(109): Illuminate\\Database\\Migrations\\Migrator->usingConnection()
#14 D:\\moon\\uchilishte\\softuerno injenerstvo\\test2101\\vendor\\laravel\\framework\\src\\Illuminate\\Database\\Console\\Migrations\\MigrateCommand.php(88): Illuminate\\Database\\Console\\Migrations\\MigrateCommand->runMigrations()
#15 D:\\moon\\uchilishte\\softuerno injenerstvo\\test2101\\vendor\\laravel\\framework\\src\\Illuminate\\Container\\BoundMethod.php(36): Illuminate\\Database\\Console\\Migrations\\MigrateCommand->handle()
#16 D:\\moon\\uchilishte\\softuerno injenerstvo\\test2101\\vendor\\laravel\\framework\\src\\Illuminate\\Container\\Util.php(43): Illuminate\\Container\\BoundMethod::{closure:Illuminate\\Container\\BoundMethod::call():35}()
#17 D:\\moon\\uchilishte\\softuerno injenerstvo\\test2101\\vendor\\laravel\\framework\\src\\Illuminate\\Container\\BoundMethod.php(95): Illuminate\\Container\\Util::unwrapIfClosure()
#18 D:\\moon\\uchilishte\\softuerno injenerstvo\\test2101\\vendor\\laravel\\framework\\src\\Illuminate\\Container\\BoundMethod.php(35): Illuminate\\Container\\BoundMethod::callBoundMethod()
#19 D:\\moon\\uchilishte\\softuerno injenerstvo\\test2101\\vendor\\laravel\\framework\\src\\Illuminate\\Container\\Container.php(694): Illuminate\\Container\\BoundMethod::call()
#20 D:\\moon\\uchilishte\\softuerno injenerstvo\\test2101\\vendor\\laravel\\framework\\src\\Illuminate\\Console\\Command.php(213): Illuminate\\Container\\Container->call()
#21 D:\\moon\\uchilishte\\softuerno injenerstvo\\test2101\\vendor\\symfony\\console\\Command\\Command.php(279): Illuminate\\Console\\Command->execute()
#22 D:\\moon\\uchilishte\\softuerno injenerstvo\\test2101\\vendor\\laravel\\framework\\src\\Illuminate\\Console\\Command.php(182): Symfony\\Component\\Console\\Command\\Command->run()
#23 D:\\moon\\uchilishte\\softuerno injenerstvo\\test2101\\vendor\\symfony\\console\\Application.php(1094): Illuminate\\Console\\Command->run()
#24 D:\\moon\\uchilishte\\softuerno injenerstvo\\test2101\\vendor\\symfony\\console\\Application.php(342): Symfony\\Component\\Console\\Application->doRunCommand()
#25 D:\\moon\\uchilishte\\softuerno injenerstvo\\test2101\\vendor\\symfony\\console\\Application.php(193): Symfony\\Component\\Console\\Application->doRun()
#26 D:\\moon\\uchilishte\\softuerno injenerstvo\\test2101\\vendor\\laravel\\framework\\src\\Illuminate\\Foundation\\Console\\Kernel.php(198): Symfony\\Component\\Console\\Application->run()
#27 D:\\moon\\uchilishte\\softuerno injenerstvo\\test2101\\vendor\\laravel\\framework\\src\\Illuminate\\Foundation\\Application.php(1208): Illuminate\\Foundation\\Console\\Kernel->handle()
#28 D:\\moon\\uchilishte\\softuerno injenerstvo\\test2101\\artisan(13): Illuminate\\Foundation\\Application->handleCommand()
#29 {main}

[previous exception] [object] (PDOException(code: 0): could not find driver at D:\\moon\\uchilishte\\softuerno injenerstvo\\test2101\\vendor\\laravel\\framework\\src\\Illuminate\\Database\\Connectors\\Connector.php:67)
[stacktrace]
#0 D:\\moon\\uchilishte\\softuerno injenerstvo\\test2101\\vendor\\laravel\\framework\\src\\Illuminate\\Database\\Connectors\\Connector.php(67): PDO::connect()
#1 D:\\moon\\uchilishte\\softuerno injenerstvo\\test2101\\vendor\\laravel\\framework\\src\\Illuminate\\Database\\Connectors\\Connector.php(44): Illuminate\\Database\\Connectors\\Connector->createPdoConnection()
#2 D:\\moon\\uchilishte\\softuerno injenerstvo\\test2101\\vendor\\laravel\\framework\\src\\Illuminate\\Database\\Connectors\\SQLiteConnector.php(40): Illuminate\\Database\\Connectors\\Connector->createConnection()
#3 D:\\moon\\uchilishte\\softuerno injenerstvo\\test2101\\vendor\\laravel\\framework\\src\\Illuminate\\Database\\Connectors\\ConnectionFactory.php(224): Illuminate\\Database\\Connectors\\SQLiteConnector->connect()
#4 [internal function]: Illuminate\\Database\\Connectors\\ConnectionFactory->{closure:Illuminate\\Database\\Connectors\\ConnectionFactory::createPdoResolverWithoutHosts():224}()
#5 D:\\moon\\uchilishte\\softuerno injenerstvo\\test2101\\vendor\\laravel\\framework\\src\\Illuminate\\Database\\Connection.php(1231): call_user_func()
#6 D:\\moon\\uchilishte\\softuerno injenerstvo\\test2101\\vendor\\laravel\\framework\\src\\Illuminate\\Database\\Connection.php(1267): Illuminate\\Database\\Connection->getPdo()
#7 D:\\moon\\uchilishte\\softuerno injenerstvo\\test2101\\vendor\\laravel\\framework\\src\\Illuminate\\Database\\Connection.php(512): Illuminate\\Database\\Connection->getReadPdo()
#8 D:\\moon\\uchilishte\\softuerno injenerstvo\\test2101\\vendor\\laravel\\framework\\src\\Illuminate\\Database\\Connection.php(407): Illuminate\\Database\\Connection->getPdoForSelect()
#9 D:\\moon\\uchilishte\\softuerno injenerstvo\\test2101\\vendor\\laravel\\framework\\src\\Illuminate\\Database\\Connection.php(812): Illuminate\\Database\\Connection->{closure:Illuminate\\Database\\Connection::select():398}()
#10 D:\\moon\\uchilishte\\softuerno injenerstvo\\test2101\\vendor\\laravel\\framework\\src\\Illuminate\\Database\\Connection.php(779): Illuminate\\Database\\Connection->runQueryCallback()
#11 D:\\moon\\uchilishte\\softuerno injenerstvo\\test2101\\vendor\\laravel\\framework\\src\\Illuminate\\Database\\Connection.php(398): Illuminate\\Database\\Connection->run()
#12 D:\\moon\\uchilishte\\softuerno injenerstvo\\test2101\\vendor\\laravel\\framework\\src\\Illuminate\\Database\\Connection.php(344): Illuminate\\Database\\Connection->select()
#13 D:\\moon\\uchilishte\\softuerno injenerstvo\\test2101\\vendor\\laravel\\framework\\src\\Illuminate\\Database\\Connection.php(361): Illuminate\\Database\\Connection->selectOne()
#14 D:\\moon\\uchilishte\\softuerno injenerstvo\\test2101\\vendor\\laravel\\framework\\src\\Illuminate\\Database\\Schema\\SQLiteBuilder.php(44): Illuminate\\Database\\Connection->scalar()
#15 D:\\moon\\uchilishte\\softuerno injenerstvo\\test2101\\vendor\\laravel\\framework\\src\\Illuminate\\Database\\Migrations\\DatabaseMigrationRepository.php(184): Illuminate\\Database\\Schema\\SQLiteBuilder->hasTable()
#16 D:\\moon\\uchilishte\\softuerno injenerstvo\\test2101\\vendor\\laravel\\framework\\src\\Illuminate\\Database\\Migrations\\Migrator.php(681): Illuminate\\Database\\Migrations\\DatabaseMigrationRepository->repositoryExists()
#17 D:\\moon\\uchilishte\\softuerno injenerstvo\\test2101\\vendor\\laravel\\framework\\src\\Illuminate\\Database\\Console\\Migrations\\MigrateCommand.php(164): Illuminate\\Database\\Migrations\\Migrator->repositoryExists()
#18 D:\\moon\\uchilishte\\softuerno injenerstvo\\test2101\\vendor\\laravel\\framework\\src\\Illuminate\\Support\\helpers.php(338): Illuminate\\Database\\Console\\Migrations\\MigrateCommand->{closure:Illuminate\\Database\\Console\\Migrations\\MigrateCommand::repositoryExists():164}()
#19 D:\\moon\\uchilishte\\softuerno injenerstvo\\test2101\\vendor\\laravel\\framework\\src\\Illuminate\\Database\\Console\\Migrations\\MigrateCommand.php(164): retry()
#20 D:\\moon\\uchilishte\\softuerno injenerstvo\\test2101\\vendor\\laravel\\framework\\src\\Illuminate\\Database\\Console\\Migrations\\MigrateCommand.php(140): Illuminate\\Database\\Console\\Migrations\\MigrateCommand->repositoryExists()
#21 D:\\moon\\uchilishte\\softuerno injenerstvo\\test2101\\vendor\\laravel\\framework\\src\\Illuminate\\Database\\Console\\Migrations\\MigrateCommand.php(110): Illuminate\\Database\\Console\\Migrations\\MigrateCommand->prepareDatabase()
#22 D:\\moon\\uchilishte\\softuerno injenerstvo\\test2101\\vendor\\laravel\\framework\\src\\Illuminate\\Database\\Migrations\\Migrator.php(616): Illuminate\\Database\\Console\\Migrations\\MigrateCommand->{closure:Illuminate\\Database\\Console\\Migrations\\MigrateCommand::runMigrations():109}()
#23 D:\\moon\\uchilishte\\softuerno injenerstvo\\test2101\\vendor\\laravel\\framework\\src\\Illuminate\\Database\\Console\\Migrations\\MigrateCommand.php(109): Illuminate\\Database\\Migrations\\Migrator->usingConnection()
#24 D:\\moon\\uchilishte\\softuerno injenerstvo\\test2101\\vendor\\laravel\\framework\\src\\Illuminate\\Database\\Console\\Migrations\\MigrateCommand.php(88): Illuminate\\Database\\Console\\Migrations\\MigrateCommand->runMigrations()
#25 D:\\moon\\uchilishte\\softuerno injenerstvo\\test2101\\vendor\\laravel\\framework\\src\\Illuminate\\Container\\BoundMethod.php(36): Illuminate\\Database\\Console\\Migrations\\MigrateCommand->handle()
#26 D:\\moon\\uchilishte\\softuerno injenerstvo\\test2101\\vendor\\laravel\\framework\\src\\Illuminate\\Container\\Util.php(43): Illuminate\\Container\\BoundMethod::{closure:Illuminate\\Container\\BoundMethod::call():35}()
#27 D:\\moon\\uchilishte\\softuerno injenerstvo\\test2101\\vendor\\laravel\\framework\\src\\Illuminate\\Container\\BoundMethod.php(95): Illuminate\\Container\\Util::unwrapIfClosure()
#28 D:\\moon\\uchilishte\\softuerno injenerstvo\\test2101\\vendor\\laravel\\framework\\src\\Illuminate\\Container\\BoundMethod.php(35): Illuminate\\Container\\BoundMethod::callBoundMethod()
#29 D:\\moon\\uchilishte\\softuerno injenerstvo\\test2101\\vendor\\laravel\\framework\\src\\Illuminate\\Container\\Container.php(694): Illuminate\\Container\\BoundMethod::call()
#30 D:\\moon\\uchilishte\\softuerno injenerstvo\\test2101\\vendor\\laravel\\framework\\src\\Illuminate\\Console\\Command.php(213): Illuminate\\Container\\Container->call()
#31 D:\\moon\\uchilishte\\softuerno injenerstvo\\test2101\\vendor\\symfony\\console\\Command\\Command.php(279): Illuminate\\Console\\Command->execute()
#32 D:\\moon\\uchilishte\\softuerno injenerstvo\\test2101\\vendor\\laravel\\framework\\src\\Illuminate\\Console\\Command.php(182): Symfony\\Component\\Console\\Command\\Command->run()
#33 D:\\moon\\uchilishte\\softuerno injenerstvo\\test2101\\vendor\\symfony\\console\\Application.php(1094): Illuminate\\Console\\Command->run()
#34 D:\\moon\\uchilishte\\softuerno injenerstvo\\test2101\\vendor\\symfony\\console\\Application.php(342): Symfony\\Component\\Console\\Application->doRunCommand()
#35 D:\\moon\\uchilishte\\softuerno injenerstvo\\test2101\\vendor\\symfony\\console\\Application.php(193): Symfony\\Component\\Console\\Application->doRun()
#36 D:\\moon\\uchilishte\\softuerno injenerstvo\\test2101\\vendor\\laravel\\framework\\src\\Illuminate\\Foundation\\Console\\Kernel.php(198): Symfony\\Component\\Console\\Application->run()
#37 D:\\moon\\uchilishte\\softuerno injenerstvo\\test2101\\vendor\\laravel\\framework\\src\\Illuminate\\Foundation\\Application.php(1208): Illuminate\\Foundation\\Console\\Kernel->handle()
#38 D:\\moon\\uchilishte\\softuerno injenerstvo\\test2101\\artisan(13): Illuminate\\Foundation\\Application->handleCommand()
#39 {main}
"} 
[2025-01-31 14:54:52] local.ERROR: could not find driver (Connection: sqlite, SQL: PRAGMA foreign_keys = ON;) {"exception":"[object] (Illuminate\\Database\\QueryException(code: 0): could not find driver (Connection: sqlite, SQL: PRAGMA foreign_keys = ON;) at D:\\moon\\uchilishte\\softuerno injenerstvo\\basics\\vendor\\laravel\\framework\\src\\Illuminate\\Database\\Connection.php:825)
[stacktrace]
#0 D:\\moon\\uchilishte\\softuerno injenerstvo\\basics\\vendor\\laravel\\framework\\src\\Illuminate\\Database\\Connection.php(779): Illuminate\\Database\\Connection->runQueryCallback()
#1 D:\\moon\\uchilishte\\softuerno injenerstvo\\basics\\vendor\\laravel\\framework\\src\\Illuminate\\Database\\Connection.php(560): Illuminate\\Database\\Connection->run()
#2 D:\\moon\\uchilishte\\softuerno injenerstvo\\basics\\vendor\\laravel\\framework\\src\\Illuminate\\Database\\Schema\\Builder.php(522): Illuminate\\Database\\Connection->statement()
#3 D:\\moon\\uchilishte\\softuerno injenerstvo\\basics\\vendor\\laravel\\framework\\src\\Illuminate\\Database\\SQLiteConnection.php(59): Illuminate\\Database\\Schema\\Builder->enableForeignKeyConstraints()
#4 D:\\moon\\uchilishte\\softuerno injenerstvo\\basics\\vendor\\laravel\\framework\\src\\Illuminate\\Database\\SQLiteConnection.php(28): Illuminate\\Database\\SQLiteConnection->configureForeignKeyConstraints()
#5 D:\\moon\\uchilishte\\softuerno injenerstvo\\basics\\vendor\\laravel\\framework\\src\\Illuminate\\Database\\Connectors\\ConnectionFactory.php(277): Illuminate\\Database\\SQLiteConnection->__construct()
#6 D:\\moon\\uchilishte\\softuerno injenerstvo\\basics\\vendor\\laravel\\framework\\src\\Illuminate\\Database\\Connectors\\ConnectionFactory.php(76): Illuminate\\Database\\Connectors\\ConnectionFactory->createConnection()
#7 D:\\moon\\uchilishte\\softuerno injenerstvo\\basics\\vendor\\laravel\\framework\\src\\Illuminate\\Database\\Connectors\\ConnectionFactory.php(51): Illuminate\\Database\\Connectors\\ConnectionFactory->createSingleConnection()
#8 D:\\moon\\uchilishte\\softuerno injenerstvo\\basics\\vendor\\laravel\\framework\\src\\Illuminate\\Database\\DatabaseManager.php(207): Illuminate\\Database\\Connectors\\ConnectionFactory->make()
#9 D:\\moon\\uchilishte\\softuerno injenerstvo\\basics\\vendor\\laravel\\framework\\src\\Illuminate\\Database\\DatabaseManager.php(103): Illuminate\\Database\\DatabaseManager->makeConnection()
#10 D:\\moon\\uchilishte\\softuerno injenerstvo\\basics\\vendor\\laravel\\framework\\src\\Illuminate\\Database\\Migrations\\DatabaseMigrationRepository.php(226): Illuminate\\Database\\DatabaseManager->connection()
#11 D:\\moon\\uchilishte\\softuerno injenerstvo\\basics\\vendor\\laravel\\framework\\src\\Illuminate\\Database\\Migrations\\DatabaseMigrationRepository.php(182): Illuminate\\Database\\Migrations\\DatabaseMigrationRepository->getConnection()
#12 D:\\moon\\uchilishte\\softuerno injenerstvo\\basics\\vendor\\laravel\\framework\\src\\Illuminate\\Database\\Migrations\\Migrator.php(681): Illuminate\\Database\\Migrations\\DatabaseMigrationRepository->repositoryExists()
#13 D:\\moon\\uchilishte\\softuerno injenerstvo\\basics\\vendor\\laravel\\framework\\src\\Illuminate\\Database\\Console\\Migrations\\MigrateCommand.php(164): Illuminate\\Database\\Migrations\\Migrator->repositoryExists()
#14 D:\\moon\\uchilishte\\softuerno injenerstvo\\basics\\vendor\\laravel\\framework\\src\\Illuminate\\Support\\helpers.php(338): Illuminate\\Database\\Console\\Migrations\\MigrateCommand->{closure:Illuminate\\Database\\Console\\Migrations\\MigrateCommand::repositoryExists():164}()
#15 D:\\moon\\uchilishte\\softuerno injenerstvo\\basics\\vendor\\laravel\\framework\\src\\Illuminate\\Database\\Console\\Migrations\\MigrateCommand.php(164): retry()
#16 D:\\moon\\uchilishte\\softuerno injenerstvo\\basics\\vendor\\laravel\\framework\\src\\Illuminate\\Database\\Console\\Migrations\\MigrateCommand.php(140): Illuminate\\Database\\Console\\Migrations\\MigrateCommand->repositoryExists()
#17 D:\\moon\\uchilishte\\softuerno injenerstvo\\basics\\vendor\\laravel\\framework\\src\\Illuminate\\Database\\Console\\Migrations\\MigrateCommand.php(110): Illuminate\\Database\\Console\\Migrations\\MigrateCommand->prepareDatabase()
#18 D:\\moon\\uchilishte\\softuerno injenerstvo\\basics\\vendor\\laravel\\framework\\src\\Illuminate\\Database\\Migrations\\Migrator.php(616): Illuminate\\Database\\Console\\Migrations\\MigrateCommand->{closure:Illuminate\\Database\\Console\\Migrations\\MigrateCommand::runMigrations():109}()
#19 D:\\moon\\uchilishte\\softuerno injenerstvo\\basics\\vendor\\laravel\\framework\\src\\Illuminate\\Database\\Console\\Migrations\\MigrateCommand.php(109): Illuminate\\Database\\Migrations\\Migrator->usingConnection()
#20 D:\\moon\\uchilishte\\softuerno injenerstvo\\basics\\vendor\\laravel\\framework\\src\\Illuminate\\Database\\Console\\Migrations\\MigrateCommand.php(88): Illuminate\\Database\\Console\\Migrations\\MigrateCommand->runMigrations()
#21 D:\\moon\\uchilishte\\softuerno injenerstvo\\basics\\vendor\\laravel\\framework\\src\\Illuminate\\Container\\BoundMethod.php(36): Illuminate\\Database\\Console\\Migrations\\MigrateCommand->handle()
#22 D:\\moon\\uchilishte\\softuerno injenerstvo\\basics\\vendor\\laravel\\framework\\src\\Illuminate\\Container\\Util.php(43): Illuminate\\Container\\BoundMethod::{closure:Illuminate\\Container\\BoundMethod::call():35}()
#23 D:\\moon\\uchilishte\\softuerno injenerstvo\\basics\\vendor\\laravel\\framework\\src\\Illuminate\\Container\\BoundMethod.php(95): Illuminate\\Container\\Util::unwrapIfClosure()
#24 D:\\moon\\uchilishte\\softuerno injenerstvo\\basics\\vendor\\laravel\\framework\\src\\Illuminate\\Container\\BoundMethod.php(35): Illuminate\\Container\\BoundMethod::callBoundMethod()
#25 D:\\moon\\uchilishte\\softuerno injenerstvo\\basics\\vendor\\laravel\\framework\\src\\Illuminate\\Container\\Container.php(694): Illuminate\\Container\\BoundMethod::call()
#26 D:\\moon\\uchilishte\\softuerno injenerstvo\\basics\\vendor\\laravel\\framework\\src\\Illuminate\\Console\\Command.php(213): Illuminate\\Container\\Container->call()
#27 D:\\moon\\uchilishte\\softuerno injenerstvo\\basics\\vendor\\symfony\\console\\Command\\Command.php(279): Illuminate\\Console\\Command->execute()
#28 D:\\moon\\uchilishte\\softuerno injenerstvo\\basics\\vendor\\laravel\\framework\\src\\Illuminate\\Console\\Command.php(182): Symfony\\Component\\Console\\Command\\Command->run()
#29 D:\\moon\\uchilishte\\softuerno injenerstvo\\basics\\vendor\\symfony\\console\\Application.php(1094): Illuminate\\Console\\Command->run()
#30 D:\\moon\\uchilishte\\softuerno injenerstvo\\basics\\vendor\\symfony\\console\\Application.php(342): Symfony\\Component\\Console\\Application->doRunCommand()
#31 D:\\moon\\uchilishte\\softuerno injenerstvo\\basics\\vendor\\symfony\\console\\Application.php(193): Symfony\\Component\\Console\\Application->doRun()
#32 D:\\moon\\uchilishte\\softuerno injenerstvo\\basics\\vendor\\laravel\\framework\\src\\Illuminate\\Foundation\\Console\\Kernel.php(198): Symfony\\Component\\Console\\Application->run()
#33 D:\\moon\\uchilishte\\softuerno injenerstvo\\basics\\vendor\\laravel\\framework\\src\\Illuminate\\Foundation\\Application.php(1208): Illuminate\\Foundation\\Console\\Kernel->handle()
#34 D:\\moon\\uchilishte\\softuerno injenerstvo\\basics\\artisan(13): Illuminate\\Foundation\\Application->handleCommand()
#35 {main}

[previous exception] [object] (PDOException(code: 0): could not find driver at D:\\moon\\uchilishte\\softuerno injenerstvo\\basics\\vendor\\laravel\\framework\\src\\Illuminate\\Database\\Connectors\\Connector.php:67)
[stacktrace]
#0 D:\\moon\\uchilishte\\softuerno injenerstvo\\basics\\vendor\\laravel\\framework\\src\\Illuminate\\Database\\Connectors\\Connector.php(67): PDO::connect()
#1 D:\\moon\\uchilishte\\softuerno injenerstvo\\basics\\vendor\\laravel\\framework\\src\\Illuminate\\Database\\Connectors\\Connector.php(44): Illuminate\\Database\\Connectors\\Connector->createPdoConnection()
#2 D:\\moon\\uchilishte\\softuerno injenerstvo\\basics\\vendor\\laravel\\framework\\src\\Illuminate\\Database\\Connectors\\SQLiteConnector.php(40): Illuminate\\Database\\Connectors\\Connector->createConnection()
#3 D:\\moon\\uchilishte\\softuerno injenerstvo\\basics\\vendor\\laravel\\framework\\src\\Illuminate\\Database\\Connectors\\ConnectionFactory.php(224): Illuminate\\Database\\Connectors\\SQLiteConnector->connect()
#4 [internal function]: Illuminate\\Database\\Connectors\\ConnectionFactory->{closure:Illuminate\\Database\\Connectors\\ConnectionFactory::createPdoResolverWithoutHosts():224}()
#5 D:\\moon\\uchilishte\\softuerno injenerstvo\\basics\\vendor\\laravel\\framework\\src\\Illuminate\\Database\\Connection.php(1231): call_user_func()
#6 D:\\moon\\uchilishte\\softuerno injenerstvo\\basics\\vendor\\laravel\\framework\\src\\Illuminate\\Database\\Connection.php(565): Illuminate\\Database\\Connection->getPdo()
#7 D:\\moon\\uchilishte\\softuerno injenerstvo\\basics\\vendor\\laravel\\framework\\src\\Illuminate\\Database\\Connection.php(812): Illuminate\\Database\\Connection->{closure:Illuminate\\Database\\Connection::statement():560}()
#8 D:\\moon\\uchilishte\\softuerno injenerstvo\\basics\\vendor\\laravel\\framework\\src\\Illuminate\\Database\\Connection.php(779): Illuminate\\Database\\Connection->runQueryCallback()
#9 D:\\moon\\uchilishte\\softuerno injenerstvo\\basics\\vendor\\laravel\\framework\\src\\Illuminate\\Database\\Connection.php(560): Illuminate\\Database\\Connection->run()
#10 D:\\moon\\uchilishte\\softuerno injenerstvo\\basics\\vendor\\laravel\\framework\\src\\Illuminate\\Database\\Schema\\Builder.php(522): Illuminate\\Database\\Connection->statement()
#11 D:\\moon\\uchilishte\\softuerno injenerstvo\\basics\\vendor\\laravel\\framework\\src\\Illuminate\\Database\\SQLiteConnection.php(59): Illuminate\\Database\\Schema\\Builder->enableForeignKeyConstraints()
#12 D:\\moon\\uchilishte\\softuerno injenerstvo\\basics\\vendor\\laravel\\framework\\src\\Illuminate\\Database\\SQLiteConnection.php(28): Illuminate\\Database\\SQLiteConnection->configureForeignKeyConstraints()
#13 D:\\moon\\uchilishte\\softuerno injenerstvo\\basics\\vendor\\laravel\\framework\\src\\Illuminate\\Database\\Connectors\\ConnectionFactory.php(277): Illuminate\\Database\\SQLiteConnection->__construct()
#14 D:\\moon\\uchilishte\\softuerno injenerstvo\\basics\\vendor\\laravel\\framework\\src\\Illuminate\\Database\\Connectors\\ConnectionFactory.php(76): Illuminate\\Database\\Connectors\\ConnectionFactory->createConnection()
#15 D:\\moon\\uchilishte\\softuerno injenerstvo\\basics\\vendor\\laravel\\framework\\src\\Illuminate\\Database\\Connectors\\ConnectionFactory.php(51): Illuminate\\Database\\Connectors\\ConnectionFactory->createSingleConnection()
#16 D:\\moon\\uchilishte\\softuerno injenerstvo\\basics\\vendor\\laravel\\framework\\src\\Illuminate\\Database\\DatabaseManager.php(207): Illuminate\\Database\\Connectors\\ConnectionFactory->make()
#17 D:\\moon\\uchilishte\\softuerno injenerstvo\\basics\\vendor\\laravel\\framework\\src\\Illuminate\\Database\\DatabaseManager.php(103): Illuminate\\Database\\DatabaseManager->makeConnection()
#18 D:\\moon\\uchilishte\\softuerno injenerstvo\\basics\\vendor\\laravel\\framework\\src\\Illuminate\\Database\\Migrations\\DatabaseMigrationRepository.php(226): Illuminate\\Database\\DatabaseManager->connection()
#19 D:\\moon\\uchilishte\\softuerno injenerstvo\\basics\\vendor\\laravel\\framework\\src\\Illuminate\\Database\\Migrations\\DatabaseMigrationRepository.php(182): Illuminate\\Database\\Migrations\\DatabaseMigrationRepository->getConnection()
#20 D:\\moon\\uchilishte\\softuerno injenerstvo\\basics\\vendor\\laravel\\framework\\src\\Illuminate\\Database\\Migrations\\Migrator.php(681): Illuminate\\Database\\Migrations\\DatabaseMigrationRepository->repositoryExists()
#21 D:\\moon\\uchilishte\\softuerno injenerstvo\\basics\\vendor\\laravel\\framework\\src\\Illuminate\\Database\\Console\\Migrations\\MigrateCommand.php(164): Illuminate\\Database\\Migrations\\Migrator->repositoryExists()
#22 D:\\moon\\uchilishte\\softuerno injenerstvo\\basics\\vendor\\laravel\\framework\\src\\Illuminate\\Support\\helpers.php(338): Illuminate\\Database\\Console\\Migrations\\MigrateCommand->{closure:Illuminate\\Database\\Console\\Migrations\\MigrateCommand::repositoryExists():164}()
#23 D:\\moon\\uchilishte\\softuerno injenerstvo\\basics\\vendor\\laravel\\framework\\src\\Illuminate\\Database\\Console\\Migrations\\MigrateCommand.php(164): retry()
#24 D:\\moon\\uchilishte\\softuerno injenerstvo\\basics\\vendor\\laravel\\framework\\src\\Illuminate\\Database\\Console\\Migrations\\MigrateCommand.php(140): Illuminate\\Database\\Console\\Migrations\\MigrateCommand->repositoryExists()
#25 D:\\moon\\uchilishte\\softuerno injenerstvo\\basics\\vendor\\laravel\\framework\\src\\Illuminate\\Database\\Console\\Migrations\\MigrateCommand.php(110): Illuminate\\Database\\Console\\Migrations\\MigrateCommand->prepareDatabase()
#26 D:\\moon\\uchilishte\\softuerno injenerstvo\\basics\\vendor\\laravel\\framework\\src\\Illuminate\\Database\\Migrations\\Migrator.php(616): Illuminate\\Database\\Console\\Migrations\\MigrateCommand->{closure:Illuminate\\Database\\Console\\Migrations\\MigrateCommand::runMigrations():109}()
#27 D:\\moon\\uchilishte\\softuerno injenerstvo\\basics\\vendor\\laravel\\framework\\src\\Illuminate\\Database\\Console\\Migrations\\MigrateCommand.php(109): Illuminate\\Database\\Migrations\\Migrator->usingConnection()
#28 D:\\moon\\uchilishte\\softuerno injenerstvo\\basics\\vendor\\laravel\\framework\\src\\Illuminate\\Database\\Console\\Migrations\\MigrateCommand.php(88): Illuminate\\Database\\Console\\Migrations\\MigrateCommand->runMigrations()
#29 D:\\moon\\uchilishte\\softuerno injenerstvo\\basics\\vendor\\laravel\\framework\\src\\Illuminate\\Container\\BoundMethod.php(36): Illuminate\\Database\\Console\\Migrations\\MigrateCommand->handle()
#30 D:\\moon\\uchilishte\\softuerno injenerstvo\\basics\\vendor\\laravel\\framework\\src\\Illuminate\\Container\\Util.php(43): Illuminate\\Container\\BoundMethod::{closure:Illuminate\\Container\\BoundMethod::call():35}()
#31 D:\\moon\\uchilishte\\softuerno injenerstvo\\basics\\vendor\\laravel\\framework\\src\\Illuminate\\Container\\BoundMethod.php(95): Illuminate\\Container\\Util::unwrapIfClosure()
#32 D:\\moon\\uchilishte\\softuerno injenerstvo\\basics\\vendor\\laravel\\framework\\src\\Illuminate\\Container\\BoundMethod.php(35): Illuminate\\Container\\BoundMethod::callBoundMethod()
#33 D:\\moon\\uchilishte\\softuerno injenerstvo\\basics\\vendor\\laravel\\framework\\src\\Illuminate\\Container\\Container.php(694): Illuminate\\Container\\BoundMethod::call()
#34 D:\\moon\\uchilishte\\softuerno injenerstvo\\basics\\vendor\\laravel\\framework\\src\\Illuminate\\Console\\Command.php(213): Illuminate\\Container\\Container->call()
#35 D:\\moon\\uchilishte\\softuerno injenerstvo\\basics\\vendor\\symfony\\console\\Command\\Command.php(279): Illuminate\\Console\\Command->execute()
#36 D:\\moon\\uchilishte\\softuerno injenerstvo\\basics\\vendor\\laravel\\framework\\src\\Illuminate\\Console\\Command.php(182): Symfony\\Component\\Console\\Command\\Command->run()
#37 D:\\moon\\uchilishte\\softuerno injenerstvo\\basics\\vendor\\symfony\\console\\Application.php(1094): Illuminate\\Console\\Command->run()
#38 D:\\moon\\uchilishte\\softuerno injenerstvo\\basics\\vendor\\symfony\\console\\Application.php(342): Symfony\\Component\\Console\\Application->doRunCommand()
#39 D:\\moon\\uchilishte\\softuerno injenerstvo\\basics\\vendor\\symfony\\console\\Application.php(193): Symfony\\Component\\Console\\Application->doRun()
#40 D:\\moon\\uchilishte\\softuerno injenerstvo\\basics\\vendor\\laravel\\framework\\src\\Illuminate\\Foundation\\Console\\Kernel.php(198): Symfony\\Component\\Console\\Application->run()
#41 D:\\moon\\uchilishte\\softuerno injenerstvo\\basics\\vendor\\laravel\\framework\\src\\Illuminate\\Foundation\\Application.php(1208): Illuminate\\Foundation\\Console\\Kernel->handle()
#42 D:\\moon\\uchilishte\\softuerno injenerstvo\\basics\\artisan(13): Illuminate\\Foundation\\Application->handleCommand()
#43 {main}
"} 
